// Jest Snapshot v1, https://goo.gl/fbAQLP

exports[`snapshots GET_INITIAL_CONVERSION action 1`] = `
Object {
  "type": "GET_INITIAL_CONVERSION",
}
`;
